// Jest Snapshot v1, https://goo.gl/fbAQLP

exports[`Response Tests should follow a template relation 1`] = `
Object {
  "properties": Object {
    "message": "I am bar",
  },
}
`;

exports[`Response Tests should follow a template relation 2`] = `
Object {
  "actions": Array [],
  "class": Array [],
  "entities": Array [],
  "links": Array [],
  "title": null,
}
`;

exports[`Response Tests should follow a template relation 3`] = `
Object {
  "properties": Object {
    "message": "I am bar",
  },
}
`;

exports[`Response Tests should follow a template relation 4`] = `"{\\"properties\\":{\\"message\\":\\"I am bar\\"}}"`;

exports[`Response Tests should follow a template relation 5`] = `
Object {
  "config": Object {
    "data": undefined,
    "flatten": true,
    "headers": Object {
      "Accept": "application/vnd.siren+json",
    },
    "maxContentLength": -1,
    "method": "get",
    "timeout": 0,
    "transformRequest": Object {
      "0": [Function],
    },
    "transformResponse": Object {
      "0": [Function],
    },
    "url": "http://localhost/bar",
    "validateStatus": [Function],
    "xsrfCookieName": "XSRF-TOKEN",
    "xsrfHeaderName": "X-XSRF-TOKEN",
  },
  "data": Object {
    "properties": Object {
      "message": "I am bar",
    },
  },
  "headers": undefined,
  "status": 200,
}
`;

exports[`Response Tests should handle arrays 1`] = `ArrayBuffer []`;

exports[`Response Tests should handle number 1`] = `[Error: Request failed with status code 404]`;

exports[`Response Tests should handle number 2`] = `[Error: Request failed with status code 404]`;
